\BOOKMARK [0][-]{characteristic.0}{\376\377\004\036\004\061\004\111\004\060\004\117\000\040\004\105\004\060\004\100\004\060\004\072\004\102\004\065\004\100\004\070\004\101\004\102\004\070\004\072\004\060\000\040\004\100\004\060\004\061\004\076\004\102\004\113}{}% 1
\BOOKMARK [1][-]{actuality.1}{\376\377\004\020\004\072\004\102\004\103\004\060\004\073\004\114\004\075\004\076\004\101\004\102\004\114}{characteristic.0}% 2
\BOOKMARK [1][-]{aim.1}{\376\377\004\046\004\065\004\073\004\070}{characteristic.0}% 3
\BOOKMARK [1][-]{tasks.1}{\376\377\004\027\004\060\004\064\004\060\004\107\004\070}{characteristic.0}% 4
\BOOKMARK [1][-]{novelty.1}{\376\377\004\035\004\060\004\103\004\107\004\075\004\060\004\117\000\040\004\075\004\076\004\062\004\070\004\067\004\075\004\060}{characteristic.0}% 5
\BOOKMARK [1][-]{influence.1}{\376\377\004\037\004\100\004\060\004\072\004\102\004\070\004\107\004\065\004\101\004\072\004\060\004\117\000\040\004\067\004\075\004\060\004\107\004\070\004\074\004\076\004\101\004\102\004\114}{characteristic.0}% 6
\BOOKMARK [1][-]{methods.1}{\376\377\004\034\004\065\004\102\004\076\004\064\004\076\004\073\004\076\004\063\004\070\004\117\000\040\004\070\000\040\004\074\004\065\004\102\004\076\004\064\004\113\000\040\004\070\004\101\004\101\004\073\004\065\004\064\004\076\004\062\004\060\004\075\004\070\004\117}{characteristic.0}% 7
\BOOKMARK [1][-]{defpositions.1}{\376\377\004\037\004\076\004\073\004\076\004\066\004\065\004\075\004\070\004\117\000,\000\040\004\062\004\113\004\075\004\076\004\101\004\070\004\074\004\113\004\065\000\040\004\075\004\060\000\040\004\067\004\060\004\111\004\070\004\102\004\103}{characteristic.0}% 8
\BOOKMARK [1][-]{probation.1}{\376\377\004\020\004\077\004\100\004\076\004\061\004\060\004\106\004\070\004\117}{characteristic.0}% 9
\BOOKMARK [1][-]{contribution.1}{\376\377\004\033\004\070\004\107\004\075\004\113\004\071\000\040\004\062\004\072\004\073\004\060\004\064}{characteristic.0}% 10
\BOOKMARK [0][-]{description.0}{\376\377\004\041\004\076\004\064\004\065\004\100\004\066\004\060\004\075\004\070\004\065\000\040\004\100\004\060\004\061\004\076\004\102\004\113}{}% 11
\BOOKMARK [0][-]{kkt.0}{\376\377\004\032\004\103\004\100\004\070\004\073\004\076\000-\004\032\004\060\004\074\004\107\004\060\004\102\004\101\004\072\004\070\004\071\000\040\004\066\004\065\004\073\004\076\004\061}{}% 12
\BOOKMARK [0][-]{at.0}{\376\377\004\020\004\073\004\065\004\103\004\102\004\101\004\072\004\070\004\071\000\040\004\066\004\065\004\073\004\076\004\061}{}% 13
\BOOKMARK [0][-]{mat.0}{\376\377\004\046\004\065\004\075\004\102\004\100\004\060\004\073\004\114\004\075\004\076\004\060\004\074\004\065\004\100\004\070\004\072\004\060\004\075\004\101\004\072\004\070\004\071\000\040\004\066\004\065\004\073\004\076\004\061}{}% 14
\BOOKMARK [0][-]{pct.0}{\376\377\004\037\004\065\004\100\004\103\000-\004\047\004\070\004\073\004\070\004\071\004\101\004\072\004\070\004\071\000\040\004\066\004\065\004\073\004\076\004\061}{}% 15
\BOOKMARK [0][-]{kt.0}{\376\377\004\032\004\065\004\100\004\074\004\060\004\064\004\065\004\072\000\040\004\066\004\065\004\073\004\076\004\061}{}% 16
\BOOKMARK [0][-]{tt.0}{\376\377\004\042\004\076\004\075\004\063\004\060\000\040\004\066\004\065\004\073\004\076\004\061}{}% 17
\BOOKMARK [0][-]{vt.0}{\376\377\004\022\004\060\004\075\004\103\004\060\004\102\004\103\000\040\004\066\004\065\004\073\004\076\004\061}{}% 18
\BOOKMARK [0][-]{vtt.0}{\376\377\004\022\004\070\004\102\004\117\004\067\004\114\000\040\004\066\004\065\004\073\004\076\004\061}{}% 19
\BOOKMARK [0][-]{nbt.0}{\376\377\004\035\004\076\004\062\004\076\004\061\004\100\004\070\004\102\004\060\004\075\004\101\004\072\004\070\004\071\000\040\004\066\004\065\004\073\004\076\004\061}{}% 20
\BOOKMARK [0][-]{sct.0}{\376\377\004\041\004\060\004\075\000-\004\032\004\100\004\070\004\101\004\102\004\076\004\061\004\060\004\073\004\114\000\040\004\066\004\065\004\073\004\076\004\061}{}% 21
\BOOKMARK [0][-]{pt.0}{\376\377\004\044\004\070\004\073\004\070\004\077\004\077\004\070\004\075\004\101\004\072\004\070\004\071\000\040\004\066\004\065\004\073\004\076\004\061}{}% 22
\BOOKMARK [0][-]{mt.0}{\376\377\004\034\004\060\004\075\004\070\004\073\004\114\004\101\004\072\004\070\004\071\000\040\004\066\004\065\004\073\004\076\004\061}{}% 23
\BOOKMARK [0][-]{plt.0}{\376\377\004\037\004\060\004\073\004\060\004\103\000\040\004\066\004\065\004\073\004\076\004\061}{}% 24
\BOOKMARK [0][-]{yt.0}{\376\377\004\057\004\077\000\040\004\066\004\065\004\073\004\076\004\061}{}% 25
\BOOKMARK [0][-]{rt.0}{\376\377\004\040\004\116\004\072\004\116\000\040\004\066\004\065\004\073\004\076\004\061}{}% 26
\BOOKMARK [0][-]{mt.0}{\376\377\004\034\004\060\004\100\004\070\004\060\004\075\004\101\004\072\004\070\004\071\000\040\004\066\004\065\004\073\004\076\004\061}{}% 27
\BOOKMARK [0][-]{ibt.0}{\376\377\004\030\004\064\004\067\004\103\000-\004\021\004\076\004\075\004\070\004\075\000\040\004\066\004\065\004\073\004\076\004\061}{}% 28
\BOOKMARK [0][-]{jt.0}{\376\377\004\057\004\077\004\076\004\075\004\101\004\072\004\070\004\071\000\040\004\066\004\065\004\073\004\076\004\061}{}% 29
\BOOKMARK [0][-]{pst.0}{\376\377\004\037\004\116\004\071\004\101\004\065\004\063\004\116\004\100\000\040\004\066\004\065\004\073\004\076\004\061}{}% 30
\BOOKMARK [0][-]{ht.0}{\376\377\004\045\004\070\004\072\004\103\004\100\004\060\004\075\004\063\004\070\000\040\004\066\004\065\004\073\004\076\004\061}{}% 31
\BOOKMARK [0][-]{conclusion.0}{\376\377\004\027\004\060\004\072\004\073\004\116\004\107\004\065\004\075\004\070\004\065}{}% 32
\BOOKMARK [0][-]{bibliography.0}{\376\377\004\033\004\070\004\102\004\065\004\100\004\060\004\102\004\103\004\100\004\060}{}% 33
